Mar-17 22:22:33.859 [main] DEBUG nextflow.cli.Launcher - $> nextflow run main.nf -preview --input assets/samplesheet.csv --references /tmp/refs --outdir /tmp/out
Mar-17 22:22:33.890 [main] DEBUG nextflow.cli.CmdRun - N E X T F L O W  ~  version 24.04.2
Mar-17 22:22:33.901 [main] DEBUG nextflow.plugin.PluginsFacade - Setting up plugin manager > mode=prod; embedded=false; plugins-dir=/Users/georgetiley/.nextflow/plugins; core-plugins: nf-amazon@2.5.2,nf-azure@1.6.0,nf-cloudcache@0.4.1,nf-codecommit@0.2.0,nf-console@1.1.3,nf-ga4gh@1.3.0,nf-google@1.13.2,nf-tower@1.9.1,nf-wave@1.4.2
Mar-17 22:22:33.906 [main] INFO  o.pf4j.DefaultPluginStatusProvider - Enabled plugins: []
Mar-17 22:22:33.907 [main] INFO  o.pf4j.DefaultPluginStatusProvider - Disabled plugins: []
Mar-17 22:22:33.908 [main] INFO  org.pf4j.DefaultPluginManager - PF4J version 3.10.0 in 'deployment' mode
Mar-17 22:22:33.914 [main] INFO  org.pf4j.AbstractPluginManager - No plugins
Mar-17 22:22:33.923 [main] DEBUG nextflow.config.ConfigBuilder - Found config local: /Users/georgetiley/github/pate/nextflow.config
Mar-17 22:22:33.925 [main] DEBUG nextflow.config.ConfigBuilder - Parsing config file: /Users/georgetiley/github/pate/nextflow.config
Mar-17 22:22:33.943 [main] DEBUG n.secret.LocalSecretsProvider - Secrets store: /Users/georgetiley/.nextflow/secrets/store.json
Mar-17 22:22:33.944 [main] DEBUG nextflow.secret.SecretsLoader - Discovered secrets providers: [nextflow.secret.LocalSecretsProvider@5a865416] - activable => nextflow.secret.LocalSecretsProvider@5a865416
Mar-17 22:22:33.950 [main] DEBUG nextflow.config.ConfigBuilder - Applying config profile: `standard`
Mar-17 22:22:34.792 [main] DEBUG nextflow.cli.CmdRun - Applied DSL=2 by global default
Mar-17 22:22:34.799 [main] DEBUG nextflow.cli.CmdRun - * PREVIEW * null [distraught_waddington] DSL2 - revision: 85e27f021a
Mar-17 22:22:34.799 [main] DEBUG nextflow.plugin.PluginsFacade - Plugins declared=[nf-schema@2.5.1]
Mar-17 22:22:34.800 [main] DEBUG nextflow.plugin.PluginsFacade - Plugins default=[]
Mar-17 22:22:34.800 [main] DEBUG nextflow.plugin.PluginsFacade - Plugins resolved requirement=[nf-schema@2.5.1]
Mar-17 22:22:34.800 [main] DEBUG nextflow.plugin.PluginUpdater - Installing plugin nf-schema version: 2.5.1
Mar-17 22:22:34.804 [main] INFO  org.pf4j.AbstractPluginManager - Plugin 'nf-schema@2.5.1' resolved
Mar-17 22:22:34.804 [main] INFO  org.pf4j.AbstractPluginManager - Start plugin 'nf-schema@2.5.1'
Mar-17 22:22:34.809 [main] DEBUG nextflow.cli.Launcher - Operation aborted
nextflow.exception.AbortOperationException: Failed requirement - Plugin nf-schema@2.5.1 requires Nextflow version >=25.04.0 (current 24.04.2)
	at nextflow.plugin.BasePlugin.start(BasePlugin.groovy:54)
	at org.pf4j.AbstractPluginManager.startPlugin(AbstractPluginManager.java:408)
	at nextflow.plugin.PluginUpdater.load0(PluginUpdater.groovy:373)
	at nextflow.plugin.PluginUpdater.installPlugin(PluginUpdater.groovy:198)
	at nextflow.plugin.PluginUpdater.prepareAndStart(PluginUpdater.groovy:145)
	at nextflow.plugin.PluginsFacade.start(PluginsFacade.groovy:335)
	at nextflow.plugin.PluginsFacade.start(PluginsFacade.groovy:340)
	at nextflow.plugin.PluginsFacade.load(PluginsFacade.groovy:239)
	at nextflow.plugin.Plugins.load(Plugins.groovy:52)
	at nextflow.cli.CmdRun.run(CmdRun.groovy:338)
	at nextflow.cli.Launcher.run(Launcher.groovy:503)
	at nextflow.cli.Launcher.main(Launcher.groovy:657)
